// Jest Snapshot v1, https://goo.gl/fbAQLP

exports[`Home renders correctly 1`] = `
<Layout
  title="site title"
>
  <header
    className="hero hero--primary heroBanner"
  >
    <div
      className="container"
    >
      <h1
        className="hero__title heroTitle"
      >
        hero title
      </h1>
      <p
        className="hero__subtitle heroSubtitle"
      >
        hero subtitle
      </p>
    </div>
  </header>
  <main>
    <Repositories
      reposConfig="fake-repos-config"
      reposData="fake-repos-data"
    />
    <Social
      socialConfig="fake-social-config"
    />
  </main>
</Layout>
`;
